// Jest Snapshot v1, https://goo.gl/fbAQLP

exports[`MardownList component render mardown list 1`] = `
<ul>
  <li
    key="0"
  >
    <h1>
      calling
    </h1>
  </li>
  <li
    key="1"
  >
    <h1>
      bluf
    </h1>
  </li>
</ul>
`;
